// Jest Snapshot v1, https://goo.gl/fbAQLP

exports[`renders correctly 1`] = `
<div
  className="voting"
>
  <div
    className="vote"
  >
    <button
      disabled={false}
      onClick={[Function]}
    >
      <h1>
        fisrt
      </h1>
    </button>
    <button
      disabled={false}
      onClick={[Function]}
    >
      <h1>
        second
      </h1>
    </button>
  </div>
</div>
`;
